$ /home/sato/.local/bin/bazelisk --output_base=/home/sato/project/litert-custom-build/bazel_output_base/build_20260523_073526_needed2 build --repo_env=ANDROID_HOME=/home/sato/Android/Sdk --repo_env=ANDROID_SDK_ROOT=/home/sato/Android/Sdk --repo_env=ANDROID_NDK_HOME=/home/sato/Android/Sdk/ndk/28.2.13676358 --repo_env=LITERT_QAIRT_SDK=/home/sato/project/lami-android/artifacts/qairt244_short_multitoken_entrypoint_build/20260523_073526/qairt_overlay/ --repo_env=HERMETIC_PYTHON_VERSION=3.12 @litert//litert/c:litert_runtime_c_api_so --config=android_arm64

INFO: Reading 'startup' options from /home/sato/project/litert-custom-build/LiteRT-LM/.bazelrc: --windows_enable_symlinks
INFO: Options provided by the client:
  Inherited 'common' options: --isatty=0 --terminal_columns=80
INFO: Reading rc options for 'build' from /home/sato/project/litert-custom-build/LiteRT-LM/.bazelrc:
  Inherited 'common' options: --experimental_repo_remote_exec --registry=https://raw.githubusercontent.com/bazelbuild/bazel-central-registry/main/ --experimental_repo_remote_exec --noenable_bzlmod
INFO: Reading rc options for 'build' from /home/sato/project/litert-custom-build/LiteRT-LM/.bazelrc:
  'build' options: --define=resolve_symbols_in_exec=true --repo_env=USE_PYWRAP_RULES=True --copt=-DGRPC_BAZEL_BUILD --host_copt=-DGRPC_BAZEL_BUILD --action_env=GRPC_BAZEL_RUNTIME=1 --repo_env=PROTOCOL_BUFFERS_PYTHON_IMPLEMENTATION=upb --action_env=PROTOCOL_BUFFERS_PYTHON_IMPLEMENTATION=upb --@rules_python//python/config_settings:precompile=force_disabled --define framework_shared_object=true --define tsl_protobuf_header_only=true --define=allow_oversize_protos=true --spawn_strategy=standalone -c opt --announce_rc --define=grpc_no_ares=true --noincompatible_remove_legacy_whole_archive --features=-force_no_whole_archive --host_features=-force_no_whole_archive --enable_platform_specific_config --define=with_xla_support=true --config=short_logs --experimental_cc_shared_library --experimental_link_static_libraries_once=false --incompatible_enforce_config_setting_visibility --@rules_ml_toolchain//common:enable_hermetic_cc=False --repo_env USE_HERMETIC_CC_TOOLCHAIN=0 --repo_env=HERMETIC_PYTHON_VERSION=3.13 --config=v2 --config=litert_prefixes --features=-layering_check --host_features=-layering_check --features=-header_modules --host_features=-header_modules
INFO: Found applicable config definition build:short_logs in file /home/sato/project/litert-custom-build/LiteRT-LM/.bazelrc: --output_filter=DONT_MATCH_ANYTHING
INFO: Found applicable config definition build:v2 in file /home/sato/project/litert-custom-build/LiteRT-LM/.bazelrc: --define=tf_api_version=2 --action_env=TF2_BEHAVIOR=1
INFO: Found applicable config definition build:litert_prefixes in file /home/sato/project/litert-custom-build/LiteRT-LM/.bazelrc: --define=litert_prefixes=external/org_tensorflow/
INFO: Found applicable config definition build:android_arm64 in file /home/sato/project/litert-custom-build/LiteRT-LM/.bazelrc: --config=android --cpu=arm64-v8a --fat_apk_cpu=arm64-v8a --platforms=@org_tensorflow//tensorflow/tools/toolchains/android:arm64-v8a
INFO: Found applicable config definition build:android in file /home/sato/project/litert-custom-build/LiteRT-LM/.bazelrc: --crosstool_top=//external:android/crosstool --host_crosstool_top=@bazel_tools//tools/cpp:toolchain --dynamic_mode=off --define=xnn_enable_avxvnniint8=false --noenable_platform_specific_config --copt=-w --cxxopt=-std=c++20 --host_cxxopt=-std=c++20 --define=with_xla_support=false --copt=-DABSL_FLAGS_STRIP_NAMES=0
Computing main repo mapping:
Computing main repo mapping:
DEBUG: /home/sato/project/litert-custom-build/bazel_output_base/build_20260523_073526_needed2/external/org_tensorflow/third_party/repo.bzl:138:14:
Warning: skipping import of repository 'bazel_skylib' because it already exists.
DEBUG: /home/sato/project/litert-custom-build/bazel_output_base/build_20260523_073526_needed2/external/org_tensorflow/third_party/repo.bzl:138:14:
Warning: skipping import of repository 'bazel_features' because it already exists.
DEBUG: /home/sato/project/litert-custom-build/bazel_output_base/build_20260523_073526_needed2/external/org_tensorflow/third_party/repo.bzl:138:14:
Warning: skipping import of repository 'platforms' because it already exists.
DEBUG: /home/sato/project/litert-custom-build/bazel_output_base/build_20260523_073526_needed2/external/xla/third_party/py/python_repo.bzl:94:14: !!!Using pywrap rules instead of directly creating .so objects!!!
DEBUG: /home/sato/project/litert-custom-build/bazel_output_base/build_20260523_073526_needed2/external/xla/third_party/py/python_repo.bzl:99:10:
=============================
Hermetic Python configuration:
Version: "3.12"
Kind: ""
Interpreter: "default" (provided by rules_python)
Requirements_lock label: "@python_version_repo//:requirements_lock_3_12.txt"
=====================================
Computing main repo mapping:
DEBUG: Rule 'python_3_12_x86_64-unknown-linux-gnu' indicated that a canonical reproducible form can be obtained by dropping arguments ["ignore_root_user_error"]
DEBUG: Repository python_3_12_x86_64-unknown-linux-gnu instantiated at:
  /home/sato/project/litert-custom-build/LiteRT-LM/WORKSPACE:143:23: in <toplevel>
  /home/sato/project/litert-custom-build/bazel_output_base/build_20260523_073526_needed2/external/xla/third_party/py/python_init_toolchains.bzl:71:35: in python_init_toolchains
  /home/sato/project/litert-custom-build/bazel_output_base/build_20260523_073526_needed2/external/rules_python/python/private/python_register_toolchains.bzl:133:26: in python_register_toolchains
Repository rule python_repository defined at:
  /home/sato/project/litert-custom-build/bazel_output_base/build_20260523_073526_needed2/external/rules_python/python/private/python_repository.bzl:229:36: in <toplevel>
Computing main repo mapping:
DEBUG: /home/sato/project/litert-custom-build/bazel_output_base/build_20260523_073526_needed2/external/org_tensorflow/third_party/repo.bzl:138:14:
Warning: skipping import of repository 'build_bazel_rules_apple' because it already exists.
DEBUG: /home/sato/project/litert-custom-build/bazel_output_base/build_20260523_073526_needed2/external/org_tensorflow/third_party/repo.bzl:138:14:
Warning: skipping import of repository 'build_bazel_rules_swift' because it already exists.
DEBUG: /home/sato/project/litert-custom-build/bazel_output_base/build_20260523_073526_needed2/external/org_tensorflow/third_party/repo.bzl:138:14:
Warning: skipping import of repository 'build_bazel_apple_support' because it already exists.
DEBUG: /home/sato/project/litert-custom-build/bazel_output_base/build_20260523_073526_needed2/external/org_tensorflow/third_party/repo.bzl:138:14:
Warning: skipping import of repository 'xctestrunner' because it already exists.
DEBUG: /home/sato/project/litert-custom-build/bazel_output_base/build_20260523_073526_needed2/external/org_tensorflow/third_party/repo.bzl:138:14:
Warning: skipping import of repository 'net_zstd' because it already exists.
Computing main repo mapping:
Computing main repo mapping:
DEBUG: /home/sato/project/litert-custom-build/bazel_output_base/build_20260523_073526_needed2/external/org_tensorflow/third_party/repo.bzl:138:14:
Warning: skipping import of repository 'rules_proto' because it already exists.
DEBUG: /home/sato/project/litert-custom-build/bazel_output_base/build_20260523_073526_needed2/external/org_tensorflow/third_party/repo.bzl:138:14:
Warning: skipping import of repository 'rules_ml_toolchain' because it already exists.
Computing main repo mapping:
DEBUG: Rule 'llvm_linux_x86_64' indicated that a canonical reproducible form can be obtained by modifying arguments urls = <attr.string_list>, sha256 = <attr.string>, mirrored_tar_sha256 = <attr.string>, integrity = <attr.string>, netrc = <attr.string>, auth_patterns = <attr.string_dict>, canonical_id = <attr.string>, strip_prefix = <attr.string>, add_prefix = <attr.string>, type = <attr.string>, patches = <attr.label_list>, remote_file_urls = <attr.string_list_dict>, remote_file_integrity = <attr.string_dict>, remote_patches = <attr.string_dict>, remote_patch_strip = <attr.int>, patch_tool = <attr.string>, patch_args = <attr.string_list>, patch_cmds = <attr.string_list>, patch_cmds_win = <attr.string_list>, build_file = <attr.label> and dropping ["name"]
DEBUG: Repository llvm_linux_x86_64 instantiated at:
  /home/sato/project/litert-custom-build/LiteRT-LM/WORKSPACE:115:18: in <toplevel>
  /home/sato/project/litert-custom-build/bazel_output_base/build_20260523_073526_needed2/external/rules_ml_toolchain/cc/deps/cc_toolchain_deps.bzl:51:26: in cc_toolchain_deps
Repository rule llvm_http_archive defined at:
  /home/sato/project/litert-custom-build/bazel_output_base/build_20260523_073526_needed2/external/rules_ml_toolchain/cc/deps/llvm_http_archive.bzl:407:36: in <toplevel>
Computing main repo mapping:
Computing main repo mapping:
Computing main repo mapping:
Computing main repo mapping:
Computing main repo mapping:
DEBUG: Rule 'cxxbridge_cmd_deps' indicated that a canonical reproducible form can be obtained by modifying arguments lockfile = Label("//cxxbridge_cmd:cargo-bazel-lock.json")
DEBUG: Repository cxxbridge_cmd_deps instantiated at:
  /home/sato/project/litert-custom-build/LiteRT-LM/WORKSPACE:338:18: in <toplevel>
Repository rule crates_repository defined at:
  /home/sato/project/litert-custom-build/bazel_output_base/build_20260523_073526_needed2/external/rules_rust/crate_universe/private/crates_repository.bzl:151:36: in <toplevel>
Computing main repo mapping:
Loading:
Loading: 2 packages loaded
Analyzing: target @@litert//litert/c:litert_runtime_c_api_so (3 packages loaded, 0 targets configured)
Analyzing: target @@litert//litert/c:litert_runtime_c_api_so (3 packages loaded, 0 targets configured)

DEBUG: /home/sato/project/litert-custom-build/bazel_output_base/build_20260523_073526_needed2/external/build_bazel_rules_swift/swift/internal/swift_autoconfiguration.bzl:211:14: No 'swiftc' executable found in $PATH. Not auto-generating a Linux Swift toolchain.
Analyzing: target @@litert//litert/c:litert_runtime_c_api_so (162 packages loaded, 23 targets configured)

Analyzing: target @@litert//litert/c:litert_runtime_c_api_so (162 packages loaded, 23 targets configured)

Analyzing: target @@litert//litert/c:litert_runtime_c_api_so (280 packages loaded, 9074 targets configured)

Analyzing: target @@litert//litert/c:litert_runtime_c_api_so (305 packages loaded, 11147 targets configured)

INFO: Analyzed target @@litert//litert/c:litert_runtime_c_api_so (320 packages loaded, 15041 targets configured).
[56 / 1,981] [Prepa] Copying files ... (3 actions, 0 running)
[256 / 1,981] Compiling src/annotated_binary_text_gen.cpp [for tool]; 0s local ... (16 actions, 15 running)
[260 / 1,981] Compiling src/annotated_binary_text_gen.cpp [for tool]; 1s local ... (16 actions, 15 running)
[270 / 1,981] Compiling src/annotated_binary_text_gen.cpp [for tool]; 3s local ... (16 actions, 15 running)
[283 / 1,981] Compiling src/flatc.cpp [for tool]; 4s local ... (17 actions, 15 running)
[295 / 1,981] Compiling src/flatc.cpp [for tool]; 5s local ... (16 actions, 15 running)
[313 / 1,981] Compiling src/idl_parser.cpp [for tool]; 4s local ... (16 actions, 15 running)
[329 / 1,981] Compiling src/idl_parser.cpp [for tool]; 5s local ... (16 actions, 15 running)
[346 / 1,981] Compiling src/idl_parser.cpp [for tool]; 6s local ... (16 actions, 15 running)
[359 / 1,981] Compiling src/idl_parser.cpp [for tool]; 7s local ... (16 actions, 15 running)
[375 / 1,981] Compiling src/idl_parser.cpp [for tool]; 8s local ... (17 actions, 15 running)
[389 / 1,981] Compiling src/idl_parser.cpp [for tool]; 9s local ... (17 actions, 15 running)
[406 / 1,981] Compiling src/idl_parser.cpp [for tool]; 10s local ... (15 actions, 14 running)
[419 / 1,981] Compiling src/idl_parser.cpp [for tool]; 11s local ... (16 actions, 15 running)
[431 / 1,981] Compiling src/idl_parser.cpp [for tool]; 12s local ... (16 actions, 15 running)
[443 / 1,981] Compiling src/idl_parser.cpp [for tool]; 13s local ... (17 actions, 16 running)
[456 / 1,981] Compiling src/idl_parser.cpp [for tool]; 14s local ... (17 actions, 15 running)
[462 / 1,981] Compiling src/idl_parser.cpp [for tool]; 16s local ... (16 actions, 15 running)
[477 / 1,981] Compiling src/idl_gen_python.cpp [for tool]; 7s local ... (16 actions, 15 running)
[488 / 1,981] Compiling src/idl_gen_kotlin_kmp.cpp [for tool]; 2s local ... (17 actions, 16 running)
[495 / 1,981] Compiling src/idl_gen_kotlin_kmp.cpp [for tool]; 3s local ... (16 actions, 15 running)
[504 / 1,981] Compiling src/idl_gen_kotlin_kmp.cpp [for tool]; 4s local ... (16 actions, 15 running)
[509 / 1,981] Compiling src/idl_gen_kotlin_kmp.cpp [for tool]; 5s local ... (16 actions, 15 running)
[521 / 1,981] Compiling src/idl_gen_cpp.cpp [for tool]; 5s local ... (15 actions, 14 running)
[534 / 1,981] Compiling src/idl_gen_cpp.cpp [for tool]; 6s local ... (16 actions, 15 running)
[551 / 1,981] Compiling src/idl_gen_cpp.cpp [for tool]; 7s local ... (16 actions, 15 running)
[587 / 1,981] Compiling src/idl_gen_cpp.cpp [for tool]; 8s local ... (17 actions, 15 running)
[615 / 1,981] Compiling src/idl_gen_cpp.cpp [for tool]; 9s local ... (16 actions, 15 running)
[627 / 1,981] Compiling src/idl_parser.cpp; 8s local ... (16 actions, 15 running)
[642 / 1,981] Compiling src/idl_gen_go.cpp [for tool]; 4s local ... (15 actions, 14 running)
[656 / 1,981] Compiling src/idl_gen_csharp.cpp [for tool]; 2s local ... (17 actions, 15 running)
[667 / 1,981] Compiling src/idl_gen_csharp.cpp [for tool]; 3s local ... (16 actions, 15 running)
[689 / 1,981] Compiling src/idl_gen_csharp.cpp [for tool]; 4s local ... (16 actions, 15 running)
[704 / 1,981] Compiling src/idl_gen_csharp.cpp [for tool]; 5s local ... (17 actions, 15 running)
[840 / 1,981] Compiling src/idl_gen_csharp.cpp [for tool]; 6s local ... (16 actions, 14 running)
[982 / 1,981] Compiling src/f16-vgelu/gen/f16-vgelu-scalar-rational-6-4-div.c; 0s local ... (16 actions, 15 running)
[1,130 / 1,981] Compiling tflite/delegates/xnnpack/weight_cache.cc; 1s local ... (17 actions, 14 running)
[1,221 / 1,981] Compiling tflite/nnapi/nnapi_util.cc; 1s local ... (17 actions, 15 running)
[1,316 / 1,981] Compiling tflite/nnapi/nnapi_util.cc; 2s local ... (17 actions, 16 running)
[1,396 / 1,981] Compiling tflite/mutable_op_resolver.cc; 1s local ... (17 actions, 15 running)
[1,472 / 1,981] Compiling tflite/mutable_op_resolver.cc; 2s local ... (16 actions, 15 running)
[1,557 / 1,981] Compiling litert/core/model/model.cc; 2s local ... (17 actions, 15 running)
[1,625 / 1,981] Compiling litert/core/model/model.cc; 3s local ... (17 actions, 15 running)
[1,679 / 1,981] Compiling litert/core/model/model.cc; 4s local ... (15 actions, 14 running)
[1,739 / 1,981] Compiling litert/core/model/model.cc; 5s local ... (16 actions, 15 running)
[1,763 / 1,981] Compiling litert/core/util/flatbuffer_tools.cc; 2s local ... (17 actions, 15 running)
[1,770 / 1,981] Compiling litert/core/util/flatbuffer_tools.cc; 3s local ... (16 actions, 15 running)
[1,776 / 1,981] Compiling litert/core/util/flatbuffer_tools.cc; 5s local ... (16 actions, 15 running)
[1,784 / 1,981] Compiling litert/core/util/flatbuffer_tools.cc; 6s local ... (17 actions, 15 running)
[1,790 / 1,981] Compiling tflite/delegates/xnnpack/xnnpack_delegate.cc; 4s local ... (16 actions, 15 running)
[1,802 / 1,981] Compiling tflite/delegates/xnnpack/xnnpack_delegate.cc; 5s local ... (17 actions, 15 running)
[1,805 / 1,981] Compiling litert/c/litert_model.cc; 3s local ... (17 actions, 16 running)
[1,809 / 1,981] Compiling tflite/delegates/nnapi/nnapi_delegate.cc; 3s local ... (17 actions, 15 running)
[1,814 / 1,981] Compiling tflite/delegates/nnapi/nnapi_delegate.cc; 4s local ... (16 actions, 15 running)
[1,819 / 1,981] Compiling tflite/delegates/nnapi/nnapi_delegate.cc; 5s local ... (16 actions, 15 running)
[1,825 / 1,981] Compiling litert/core/model/model_load.cc; 6s local ... (16 actions, 15 running)
[1,832 / 1,981] Compiling tflite/kernels/activations.cc; 7s local ... (16 actions, 15 running)
[1,840 / 1,981] Compiling tflite/core/c/c_api.cc; 2s local ... (17 actions, 15 running)
[1,844 / 1,981] Compiling tflite/core/c/c_api.cc; 4s local ... (16 actions, 15 running)
[1,849 / 1,981] Compiling tflite/core/c/c_api.cc; 5s local ... (17 actions, 15 running)
[1,854 / 1,981] Compiling weight_loader/external_weight_loader_litert.cc; 5s local ... (16 actions, 15 running)
[1,859 / 1,981] Compiling tflite/kernels/transpose_conv.cc; 5s local ... (17 actions, 15 running)
[1,867 / 1,981] Compiling tflite/kernels/transpose_conv.cc; 6s local ... (16 actions, 15 running)
[1,872 / 1,981] Compiling tflite/kernels/slice.cc; 4s local ... (17 actions, 15 running)
[1,879 / 1,981] Compiling tflite/kernels/stablehlo_scatter.cc; 3s local ... (16 actions, 15 running)
[1,884 / 1,981] Compiling litert/runtime/dispatch/dispatch_delegate_kernel.cc; 4s local ... (16 actions, 15 running)
[1,892 / 1,981] Compiling litert/runtime/dispatch/dispatch_delegate_kernel.cc; 5s local ... (16 actions, 15 running)
[1,895 / 1,981] Compiling litert/runtime/compiled_model.cc; 6s local ... (17 actions, 16 running)
[1,901 / 1,981] Compiling litert/runtime/compiled_model.cc; 7s local ... (17 actions, 15 running)
[1,906 / 1,981] Compiling tflite/kernels/reduce.cc; 4s local ... (16 actions, 15 running)
[1,910 / 1,981] Compiling tflite/kernels/reduce.cc; 5s local ... (16 actions, 15 running)
[1,917 / 1,981] Compiling tflite/kernels/reduce.cc; 6s local ... (16 actions, 15 running)
[1,926 / 1,981] Compiling tflite/kernels/lstm.cc; 4s local ... (16 actions, 15 running)
[1,931 / 1,981] Compiling tflite/kernels/local_response_norm.cc; 3s local ... (17 actions, 16 running)
[1,938 / 1,981] Compiling tflite/kernels/gather_nd.cc; 2s local ... (17 actions, 16 running)
[1,943 / 1,981] Compiling tflite/kernels/gather_nd.cc; 3s local ... (17 actions, 16 running)
[1,948 / 1,981] Compiling tflite/kernels/fully_connected.cc; 4s local ... (16 actions, 15 running)
[1,954 / 1,981] Compiling tflite/kernels/fully_connected.cc; 6s local ... (16 actions, 15 running)
[1,959 / 1,981] Compiling tflite/kernels/fully_connected.cc; 7s local ... (16 actions, 15 running)
[1,968 / 1,981] Compiling tflite/kernels/depthwise_conv.cc; 5s local ... (11 actions running)
[1,979 / 1,981] [Prepa] Linking external/litert/litert/c/libLiteRt.so
INFO: Found 1 target...
Target @@litert//litert/c:litert_runtime_c_api_so up-to-date:
  bazel-bin/external/litert/litert/c/libLiteRt.so
INFO: Elapsed time: 112.114s, Critical Path: 23.21s
INFO: 1981 processes: 253 internal, 1728 local.
INFO: Build completed successfully, 1981 total actions

exit_code=0
